35,57
512
48
5000
.........................................................
.........................................................
........eeeeeeee...eeeeeeee...eeeeeeee...eeeeeeee........
.rrr....@@@@@@@@...@@@@@@@@...@@@@@@@@...@@@@@@@@....rrr.
........eeeeeeee...eeeeeeee...eeeeeeee...eeeeeeee........
.........................................................
........eeeeeeee...eeeeeeee...eeeeeeee...eeeeeeee........
.rrr....@@@@@@@@...@@@@@@@@...@@@@@@@@...@@@@@@@@....rrr.
........eeeeeeee...eeeeeeee...eeeeeeee...eeeeeeee........
.........................................................
........eeeeeeee...eeeeeeee...eeeeeeee...eeeeeeee........
.rrr....@@@@@@@@...@@@@@@@@...@@@@@@@@...@@@@@@@@....rrr.
........eeeeeeee...eeeeeeee...eeeeeeee...eeeeeeee........
.........................................................
........eeeeeeee...eeeeeeee...eeeeeeee...eeeeeeee........
.rrr....@@@@@@@@...@@@@@@@@...@@@@@@@@...@@@@@@@@....rrr.
........eeeeeeee...eeeeeeee...eeeeeeee...eeeeeeee........
.........................................................
........eeeeeeee...eeeeeeee...eeeeeeee...eeeeeeee........
.rrr....@@@@@@@@...@@@@@@@@...@@@@@@@@...@@@@@@@@....rrr.
........eeeeeeee...eeeeeeee...eeeeeeee...eeeeeeee........
.........................................................
........eeeeeeee...eeeeeeee...eeeeeeee...eeeeeeee........
.rrr....@@@@@@@@...@@@@@@@@...@@@@@@@@...@@@@@@@@....rrr.
........eeeeeeee...eeeeeeee...eeeeeeee...eeeeeeee........
.........................................................
........eeeeeeee...eeeeeeee...eeeeeeee...eeeeeeee........
.rrr....@@@@@@@@...@@@@@@@@...@@@@@@@@...@@@@@@@@....rrr.
........eeeeeeee...eeeeeeee...eeeeeeee...eeeeeeee........
.........................................................
........eeeeeeee...eeeeeeee...eeeeeeee...eeeeeeee........
.rrr....@@@@@@@@...@@@@@@@@...@@@@@@@@...@@@@@@@@....rrr.
........eeeeeeee...eeeeeeee...eeeeeeee...eeeeeeee........
.........................................................
.........................................................
